// Jest Snapshot v1, https://goo.gl/fbAQLP

exports[`should render a massgae when empty array 1`] = `
<div>
  <p>
    No Expenses
  </p>
</div>
`;

exports[`should render expense list with givin expenses list 1`] = `
<div>
  <Item
    expense={
      Object {
        "amount": 195,
        "createdAt": 0,
        "description": "Gum",
        "id": "1",
        "note": "",
      }
    }
    key="1"
  />
  <Item
    expense={
      Object {
        "amount": 109500,
        "createdAt": -345600000,
        "description": "Rent",
        "id": "2",
        "note": "s",
      }
    }
    key="2"
  />
  <Item
    expense={
      Object {
        "amount": 4500,
        "createdAt": 345600000,
        "description": "Credit card",
        "id": "3",
        "note": "",
      }
    }
    key="3"
  />
</div>
`;
