// Jest Snapshot v1, https://goo.gl/fbAQLP

exports[`should set Header correctly 1`] = `
<header>
  <h1>
    Expensify
  </h1>
  <NavLink
    activeClassName="is-active"
    aria-current="page"
    to="/dashboard"
  >
    Home
  </NavLink>
  <NavLink
    activeClassName="is-active"
    aria-current="page"
    to="/create"
  >
    Create Expense
  </NavLink>
  <button
    onClick={[Function]}
  >
    LogOut
  </button>
</header>
`;
