// Jest Snapshot v1, https://goo.gl/fbAQLP

exports[`should render the LoginPage component 1`] = `
<div>
  <h1>
    Login Page
  </h1>
  <button
    onClick={[Function]}
  >
    Login
  </button>
</div>
`;
